guid,tag
8,positive
1576,neutral
2320,positive
4912,negative
3821,positive
1306,negative
4555,positive
259,positive
3216,positive
881,positive
1037,positive
2463,positive
3760,positive
3102,positive
4074,positive
2155,negative
5009,positive
3292,positive
3599,positive
1061,positive
3927,positive
4461,positive
716,positive
2505,positive
1803,positive
2157,positive
1612,negative
4052,positive
3641,positive
5097,positive
2358,neutral
349,positive
4710,positive
2991,positive
459,positive
1737,positive
1993,negative
116,neutral
2949,positive
2792,negative
1580,negative
2021,positive
4843,negative
4827,positive
3119,neutral
3298,positive
4541,positive
1952,positive
1839,positive
2127,neutral
3872,positive
3023,positive
2351,positive
4507,positive
600,positive
1516,neutral
4601,positive
1046,positive
1227,negative
4378,positive
4357,negative
4094,positive
5027,positive
1969,neutral
4754,positive
861,positive
136,positive
4466,negative
4916,positive
1025,negative
4922,positive
1233,negative
1173,positive
532,positive
51,neutral
3008,positive
1578,positive
4945,positive
2572,positive
173,positive
3439,positive
755,positive
2918,negative
1417,positive
3152,positive
121,positive
780,positive
4319,positive
1191,neutral
1573,positive
1406,positive
3955,negative
2904,positive
2721,negative
58,positive
3149,positive
3690,positive
3243,positive
3476,positive
1393,positive
3362,positive
1552,positive
2348,positive
1863,positive
3003,positive
1949,positive
2137,negative
4500,positive
2823,positive
1021,positive
3103,positive
4981,positive
3110,positive
824,positive
1999,positive
1769,positive
4038,negative
2499,positive
4287,positive
4913,positive
3181,positive
4578,positive
1446,negative
1269,positive
2803,positive
1099,neutral
96,positive
749,positive
489,positive
3464,positive
4910,negative
5000,positive
2717,positive
939,positive
4944,positive
4560,positive
4471,positive
313,positive
3002,positive
204,positive
4082,negative
960,negative
740,negative
31,positive
3324,positive
264,negative
1922,positive
3424,positive
1192,negative
4603,positive
570,positive
2668,positive
1645,positive
3271,positive
89,negative
3975,positive
3397,positive
3638,positive
1228,positive
2744,positive
4545,positive
730,positive
2958,positive
1717,positive
1324,positive
4312,positive
3374,neutral
4430,negative
3945,positive
290,positive
4061,positive
1168,positive
1667,positive
3139,positive
964,positive
3495,positive
932,positive
4483,positive
3227,positive
5108,positive
1931,positive
5040,positive
3174,positive
1381,positive
2800,positive
4911,negative
1768,positive
4087,negative
1648,negative
3909,positive
4348,positive
3170,negative
3774,neutral
3492,negative
1994,positive
2971,negative
5043,positive
4552,positive
4372,positive
1682,neutral
4046,positive
4022,positive
174,negative
4387,positive
677,positive
1133,positive
429,positive
4040,negative
2114,negative
3998,negative
1020,negative
2676,negative
2367,positive
5037,positive
2863,positive
2988,positive
2746,negative
1431,negative
2550,positive
286,positive
739,positive
3348,positive
3948,positive
3224,neutral
1096,positive
1584,positive
3660,positive
3898,positive
751,positive
3963,positive
3891,positive
312,positive
867,positive
3268,positive
1697,positive
1791,neutral
3701,positive
2055,neutral
3914,positive
3572,positive
1660,negative
2943,positive
424,negative
1285,positive
3039,positive
1642,positive
1111,positive
1539,positive
3401,negative
2098,positive
3400,positive
4345,positive
1352,positive
4681,positive
3005,positive
2362,positive
2154,positive
1512,positive
2677,positive
848,positive
1243,positive
3637,positive
1990,positive
2627,positive
948,negative
5039,positive
1587,positive
55,negative
4738,positive
4205,positive
3494,positive
2758,positive
479,negative
1898,positive
3046,positive
1088,positive
1039,positive
1875,positive
1100,negative
224,positive
2585,negative
2888,positive
1309,positive
4693,positive
3651,positive
383,positive
1057,positive
2607,positive
3306,positive
310,positive
2646,positive
1490,positive
4860,positive
1606,positive
3554,positive
3580,positive
4947,positive
3889,positive
5,neutral
2704,positive
3346,positive
2480,positive
3842,negative
4807,negative
3001,neutral
4715,positive
4410,positive
1290,neutral
4644,positive
4294,positive
4847,negative
2750,positive
1861,positive
4272,positive
617,positive
1574,positive
2332,positive
1974,positive
3399,negative
3714,positive
5092,positive
2709,positive
1435,positive
4449,positive
2939,positive
1429,positive
145,positive
250,positive
4871,positive
1868,negative
1508,positive
4811,positive
3222,positive
566,positive
558,positive
38,positive
533,positive
2527,positive
2078,positive
3731,positive
124,positive
4774,negative
967,positive
3016,positive
2911,negative
4613,negative
4201,positive
4877,positive
4306,negative
3671,positive
4255,positive
1105,positive
1806,positive
3061,negative
1830,positive
3417,negative
60,positive
1933,negative
3022,positive
2635,negative
2815,positive
1301,positive
575,positive
4925,positive
4112,positive
5127,positive
4795,positive
334,positive
3126,positive
912,negative
3969,positive
3451,positive
3336,positive
923,positive
2737,neutral
2443,neutral
1312,positive
3505,positive
2764,positive
4580,positive
3854,positive
2570,positive
2989,positive
2115,positive
3462,negative
1699,positive
4898,positive
4138,positive
1866,positive
2915,positive
1635,positive
1908,positive
4030,positive
4771,positive
3248,positive
494,negative
3161,positive
20,positive
3300,positive
4242,positive
1476,positive
1879,positive
1384,neutral
1616,positive
4376,negative
3884,positive
2026,positive
4291,negative
4790,positive
657,neutral
2873,positive
812,negative
2893,positive
3296,positive
126,positive
2469,positive
3206,positive
2019,positive
916,positive
4621,positive
1620,positive
184,negative
5017,negative
1201,positive
5111,positive
4417,positive
4431,negative
4434,positive
4920,positive
272,positive
279,positive
3020,positive
2325,positive
2858,positive
4288,positive
1596,positive
803,positive
4363,positive
1895,positive
3044,positive
4721,negative
698,positive
1426,positive
2016,positive
3745,positive
4903,positive
534,positive
3650,positive
3371,negative
112,positive
176,positive
573,positive
4919,positive
3276,negative
480,positive
87,positive
911,positive
3705,positive
3082,negative
2537,positive
4450,positive
1497,positive
3083,positive
443,positive
2957,negative
2099,negative
2962,positive
460,positive
1918,positive
3052,positive
13,negative
863,positive
1252,positive
3570,negative
4684,negative
2046,positive
1537,positive
2555,positive
1052,positive
1713,positive
2597,positive
282,positive
3833,positive
4885,positive
4587,positive
1401,positive
1281,positive
2085,neutral
565,neutral
1205,positive
1560,positive
4064,positive
1036,positive
2606,negative
4777,positive
588,positive
609,positive
3279,negative
3511,negative
4796,positive
2107,negative
1106,positive
3395,positive
2546,negative
4678,positive
1000,positive
1048,neutral
1059,positive
1485,positive
3195,positive
2029,positive
